
==================== Starting Full Flow Simulation ====================
Step 1: Starting Assessment (Quick Mode)...
AI: 欢迎你踏上这段自我发现的旅程。我们将在3轮对话中挖掘那些被忽视的天赋信号。首先，请回忆16岁前：有没有什么事情让你可以废寝忘食地投入，即使没有任何奖励也乐此不疲？或者老师家长常批评你的"顽固缺点"是什么？

==================== Chat Round 1 ====================
User: 我小时候特别喜欢拆闹钟，虽然总是装不回去，但就是想看里面怎么转的。也被爸妈骂过好多次破坏大王。
AI: 这个信号非常珍贵——拆解机械的冲动揭示了你与生俱来的系统解码欲。那些"破坏"行为本质上是逆向工程思维的原型。现在请思考：有没有什么事情对你来说像呼吸一样自然，但别人却觉得很有难度？

==================== Chat Round 2 ====================
User: 我觉得逻辑推理很简单啊，看到一个现象就能猜到背后的原因，朋友们都觉得我神叨叨的。
AI: 你的天赋拼图正在显现：机械拆解映射空间智能，直觉推理指向抽象建模能力。最后请回忆：有没有哪类人/成就曾让你产生过强烈的嫉妒？这种情绪往往指向被压抑的天赋维度。

[AI indicated conversation is finished]

==================== Generating Report ====================
Report generation took 12.06 seconds
Report generation failed with status 500
{"detail":"'dict' object has no attribute 'role'"}
python : Traceback (most recent call last):
所在位置 行:1 字符: 1
+ python backend/test_simulation.py > test_output.txt 2>&1
+ ~~~~~~~~~~~~~~~~~~~~~~~~~~~~~~~~~~~~~~~~~~~~~~~~~~~~~~~~
    + CategoryInfo          : NotSpecified: (Traceback (most recent call last)::String) [], RemoteException
    + FullyQualifiedErrorId : NativeCommandError
 
  File "D:\ai\Tanlent testing\backend\test_simulation.py", line 141, in <module>
    print("\n\U0001f4a5 TEST FAILED")
UnicodeEncodeError: 'gbk' codec can't encode character '\U0001f4a5' in position 2: illegal multibyte sequence
